<?xml version="1.0" encoding="UTF-8"?>
<Report Version="3.0">
    <Page IncludeImageInfo="2" XPercent="240" YPercent="300" PageNumber="0">
        <ItemBox Type="HeaderDateBox" Index="0" XPercent="0.02" YPercent="0.02" WidthPercent="0.22" HeightPercent="0.02" BackgroundColor="#ffffff" LineThickness="0" LineColor="#00ff00" LineType="0">
            <Text Size="11" Face="Segoe UI" Color="#000000" Align="Left">2026-02-11</Text>
        </ItemBox>
        <ItemBox Type="HeaderLogoBox" Index="1" XPercent="0.78" YPercent="0.02" WidthPercent="0.2" HeightPercent="0.11" BackgroundColor="#ffffff" LineThickness="1" LineColor="#000000" LineType="1">
            <Text Size="8" Face="Segoe UI" Color="#000000" Align="Left">EVN</Text>
        </ItemBox>
        <ItemBox Type="HeaderPatientInfoBox" Index="2" XPercent="0.26" YPercent="0.02" WidthPercent="0.5" HeightPercent="0.05" BackgroundColor="#ffffff" LineThickness="0" LineColor="#00ff00" LineType="0">
            <Text Size="11" Face="Segoe UI" Color="#000000" Align="Left">Chart No. : 1 
Name : last first Gender : Male Date of Birth : 2017-01-01 Age : 9Y</Text>
        </ItemBox>
        <ItemBox Type="HeaderNameBox" Index="3" XPercent="0.02" YPercent="0.05" WidthPercent="0.22" HeightPercent="0.02" BackgroundColor="#ffffff" LineThickness="0" LineColor="#00ff00" LineType="0">
            <Text Size="11" Face="Segoe UI" Color="#000000" Align="Left"></Text>
        </ItemBox>
        <ItemBox Type="HeaderPhoneBox" Index="4" XPercent="0.02" YPercent="0.11" WidthPercent="0.22" HeightPercent="0.02" BackgroundColor="#ffffff" LineThickness="0" LineColor="#00ff00" LineType="0">
            <Text Size="11" Face="Segoe UI" Color="#000000" Align="Left"></Text>
        </ItemBox>
        <ItemBox Type="HeaderWebSiteBox" Index="5" XPercent="0.02" YPercent="0.08" WidthPercent="0.22" HeightPercent="0.02" BackgroundColor="#ffffff" LineThickness="0" LineColor="#00ff00" LineType="0">
            <Text Size="11" Face="Segoe UI" Color="#000000" Align="Left"></Text>
        </ItemBox>
        <ItemBox Type="HeaderAddressBox" Index="6" XPercent="0.26" YPercent="0.08" WidthPercent="0.5" HeightPercent="0.05" BackgroundColor="#ffffff" LineThickness="0" LineColor="#00ff00" LineType="0">
            <Text Size="11" Face="Segoe UI" Color="#000000" Align="Left"></Text>
        </ItemBox>
        <ItemBox Type="FooterDateBox" Index="7" XPercent="0.02" YPercent="0.87" WidthPercent="0.22" HeightPercent="0.02" BackgroundColor="#ffffff" LineThickness="0" LineColor="#00ff00" LineType="0">
            <Text Size="11" Face="Segoe UI" Color="#000000" Align="Left"></Text>
        </ItemBox>
        <ItemBox Type="FooterLogoBox" Index="8" XPercent="0.78" YPercent="0.87" WidthPercent="0.2" HeightPercent="0.11" BackgroundColor="#ffffff" LineThickness="1" LineColor="#000000" LineType="1">
            <Text Size="8" Face="Segoe UI" Color="#000000" Align="Left"></Text>
        </ItemBox>
        <ItemBox Type="FooterPatientInfoBox" Index="9" XPercent="0.26" YPercent="0.87" WidthPercent="0.5" HeightPercent="0.05" BackgroundColor="#ffffff" LineThickness="0" LineColor="#00ff00" LineType="0">
            <Text Size="11" Face="Segoe UI" Color="#000000" Align="Left"></Text>
        </ItemBox>
        <ItemBox Type="FooterNameBox" Index="10" XPercent="0.02" YPercent="0.9" WidthPercent="0.22" HeightPercent="0.02" BackgroundColor="#ffffff" LineThickness="0" LineColor="#00ff00" LineType="0">
            <Text Size="11" Face="Segoe UI" Color="#000000" Align="Left">EVN</Text>
        </ItemBox>
        <ItemBox Type="FooterPhoneBox" Index="11" XPercent="0.02" YPercent="0.96" WidthPercent="0.22" HeightPercent="0.02" BackgroundColor="#ffffff" LineThickness="0" LineColor="#00ff00" LineType="0">
            <Text Size="11" Face="Segoe UI" Color="#000000" Align="Left">123</Text>
        </ItemBox>
        <ItemBox Type="FooterWebSiteBox" Index="12" XPercent="0.02" YPercent="0.93" WidthPercent="0.22" HeightPercent="0.02" BackgroundColor="#ffffff" LineThickness="0" LineColor="#00ff00" LineType="0">
            <Text Size="11" Face="Segoe UI" Color="#000000" Align="Left">EVN@Ewoosoft.com</Text>
        </ItemBox>
        <ItemBox Type="FooterAddressBox" Index="13" XPercent="0.26" YPercent="0.93" WidthPercent="0.5" HeightPercent="0.05" BackgroundColor="#ffffff" LineThickness="0" LineColor="#00ff00" LineType="0">
            <Text Size="11" Face="Segoe UI" Color="#000000" Align="Left">HN,VN</Text>
        </ItemBox>
        <ItemBox Type="TextBox" Index="14" XPercent="0.106346" YPercent="0.246914" WidthPercent="0.799314" HeightPercent="0.33059" BackgroundColor="#ffffff" LineThickness="1" LineColor="#00b24a" LineType="1">
            <Text Size="11" Face="MS Shell Dlg 2" Color="#000000" Align="Left">1234324
abc
evn
test
report
number 9</Text>
        </ItemBox>
    </Page>
</Report>
