<?xml version="1.0" encoding="UTF-8"?>
<Report TemplateName="RPT_Frame2x1L" Version="5.2.0" ARCHIVETYPE="Template">
	<Paper PaperSize="A4" Orientation="Landscape">
		<Margin Top="10" Bottom="10" Left="10" Right="10"/>
	</Paper>
	<Page Number="1" TemplateName="Frame2x1L">
		<!---->
		<!-- Report Information -->
		<!---->
		<!-- Text Box Item -->
		<TextBox BoxID="243" TextMacro="HeaderDate" Editable="false">
			<Position X="0%" Y="0%"/>
			<Size Width="10.690%" Height="2.520%"/>
			<Background Color="#ffffff" Opacity="0" Transparent="false"/>
			<BorderLine Color="#ffffff" Opacity="1" Width="1" Type="SolidLine"/>
			<Text><![CDATA[<!DOCTYPE HTML PUBLIC "-//W3C//DTD HTML 4.0//EN" "http://www.w3.org/TR/REC-html40/strict.dtd">
<html><head><meta name="qrichtext" content="1" /><style type="text/css">
p, li { white-space: pre-wrap; }
</style></head><body style=" font-family:'Segoe UI'; font-size:10pt; font-weight:400; font-style:normal;">
<p style=" margin-top:0px; margin-bottom:0px; margin-left:0px; margin-right:0px; -qt-block-indent:0; text-indent:0px;">Date: 2026-02-11</p></body></html>]]></Text>
		</TextBox>
		<TextBox BoxID="244" TextMacro="HeaderPatientInfo" Editable="false">
			<Position X="10.690%" Y="0%"/>
			<Size Width="71.886%" Height="5.292%"/>
			<Background Color="#ffffff" Opacity="0" Transparent="false"/>
			<BorderLine Color="#ffffff" Opacity="1" Width="1" Type="SolidLine"/>
			<Text><![CDATA[<!DOCTYPE HTML PUBLIC "-//W3C//DTD HTML 4.0//EN" "http://www.w3.org/TR/REC-html40/strict.dtd">
<html><head><meta name="qrichtext" content="1" /><style type="text/css">
p, li { white-space: pre-wrap; }
</style></head><body style=" font-family:'Segoe UI'; font-size:10pt; font-weight:400; font-style:normal;">
<p style=" margin-top:0px; margin-bottom:0px; margin-left:0px; margin-right:0px; -qt-block-indent:0; text-indent:0px;">Chart No. 1</p>
<p style=" margin-top:0px; margin-bottom:0px; margin-left:0px; margin-right:0px; -qt-block-indent:0; text-indent:0px;">last first 	Gender: Male 	Age: 9Y</p></body></html>]]></Text>
		</TextBox>
		<TextBox BoxID="245" TextMacro="HeaderClinicLogo" Editable="false">
			<Position X="82.576%" Y="0%"/>
			<Size Width="10.690%" Height="7.560%"/>
			<Background Color="#ffffff" Opacity="0" Transparent="false"/>
			<BorderLine Color="#ffffff" Opacity="1" Width="1" Type="SolidLine"/>
			<Text><![CDATA[<!DOCTYPE HTML PUBLIC "-//W3C//DTD HTML 4.0//EN" "http://www.w3.org/TR/REC-html40/strict.dtd">
<html><head><meta name="qrichtext" content="1" /><style type="text/css">
p, li { white-space: pre-wrap; }
</style></head><body style=" font-family:'Segoe UI'; font-size:10pt; font-weight:400; font-style:normal;">
<p style=" margin-top:0px; margin-bottom:0px; margin-left:0px; margin-right:0px; -qt-block-indent:0; text-indent:0px;">VATECH Dental Clinic</p></body></html>]]></Text>
		</TextBox>
		<TextBox BoxID="246" TextMacro="HeaderClinicName" Editable="false">
			<Position X="10.690%" Y="5.292%"/>
			<Size Width="23.962%" Height="3.150%"/>
			<Background Color="#ffffff" Opacity="0" Transparent="false"/>
			<BorderLine Color="#ffffff" Opacity="1" Width="1" Type="SolidLine"/>
			<Text><![CDATA[<!DOCTYPE HTML PUBLIC "-//W3C//DTD HTML 4.0//EN" "http://www.w3.org/TR/REC-html40/strict.dtd">
<html><head><meta name="qrichtext" content="1" /><style type="text/css">
p, li { white-space: pre-wrap; }
</style></head><body style=" font-family:'Segoe UI'; font-size:10pt; font-weight:400; font-style:normal;">
<p style=" margin-top:0px; margin-bottom:0px; margin-left:0px; margin-right:0px; -qt-block-indent:0; text-indent:0px;">EVN</p></body></html>]]></Text>
		</TextBox>
		<TextBox BoxID="247" TextMacro="FooterPatientInfo" Editable="false">
			<Position X="10.690%" Y="81.657%"/>
			<Size Width="71.886%" Height="5.292%"/>
			<Background Color="#ffffff" Opacity="0" Transparent="false"/>
			<BorderLine Color="#ffffff" Opacity="1" Width="1" Type="SolidLine"/>
			<Text><![CDATA[<!DOCTYPE HTML PUBLIC "-//W3C//DTD HTML 4.0//EN" "http://www.w3.org/TR/REC-html40/strict.dtd">
<html><head><meta name="qrichtext" content="1" /><style type="text/css">
p, li { white-space: pre-wrap; }
</style></head><body style=" font-family:'Segoe UI'; font-size:10pt; font-weight:400; font-style:normal;">
<p style=" margin-top:0px; margin-bottom:0px; margin-left:0px; margin-right:0px; -qt-block-indent:0; text-indent:0px;">Chart No. 1</p>
<p style=" margin-top:0px; margin-bottom:0px; margin-left:0px; margin-right:0px; -qt-block-indent:0; text-indent:0px;">last first 	Gender: Male 	Age: 9Y</p></body></html>]]></Text>
		</TextBox>
		<TextBox BoxID="248" TextMacro="FooterClinicName" Editable="false">
			<Position X="10.690%" Y="86.948%"/>
			<Size Width="23.962%" Height="3.150%"/>
			<Background Color="#ffffff" Opacity="0" Transparent="false"/>
			<BorderLine Color="#ffffff" Opacity="1" Width="1" Type="SolidLine"/>
			<Text><![CDATA[<!DOCTYPE HTML PUBLIC "-//W3C//DTD HTML 4.0//EN" "http://www.w3.org/TR/REC-html40/strict.dtd">
<html><head><meta name="qrichtext" content="1" /><style type="text/css">
p, li { white-space: pre-wrap; }
</style></head><body style=" font-family:'Segoe UI'; font-size:10pt; font-weight:400; font-style:normal;">
<p style=" margin-top:0px; margin-bottom:0px; margin-left:0px; margin-right:0px; -qt-block-indent:0; text-indent:0px;">EVN</p></body></html>]]></Text>
		</TextBox>
		<TextBox BoxID="249" TextMacro="FooterFaxNumber" Editable="false">
			<Position X="34.652%" Y="86.948%"/>
			<Size Width="23.962%" Height="3.150%"/>
			<Background Color="#ffffff" Opacity="0" Transparent="false"/>
			<BorderLine Color="#ffffff" Opacity="1" Width="1" Type="SolidLine"/>
			<Text><![CDATA[<!DOCTYPE HTML PUBLIC "-//W3C//DTD HTML 4.0//EN" "http://www.w3.org/TR/REC-html40/strict.dtd">
<html><head><meta name="qrichtext" content="1" /><style type="text/css">
p, li { white-space: pre-wrap; }
</style></head><body style=" font-family:'Segoe UI'; font-size:10pt; font-weight:400; font-style:normal;">
<p style=" margin-top:0px; margin-bottom:0px; margin-left:0px; margin-right:0px; -qt-block-indent:0; text-indent:0px;">Fax: 123</p></body></html>]]></Text>
		</TextBox>
		<!---->
		<!-- Image Box Item -->
		<ImageBox BoxID="240" ImageFitMode="BoxFit" Invert="false" ImageMacro="" BoxType="Single" Source="Capture">
			<Position X="3.535%" Y="14.143%"/>
			<Size Width="57.273%" Height="53.743%"/>
			<Background Color="#ffffff" Opacity="0" Transparent="false"/>
			<BorderLine Color="#000000" Opacity="1" Width="1" Type="SolidLine"/>
			<Layout Row="1" Column="1"/>
			<Translation TransX="0" TransY="0"/>
			<Scale ScaleX="1.330" ScaleY="1.330"/>
			<ImageFileNames>
				<ImageFile>CI20260211_132207_2398_18634540.JPG</ImageFile>
			</ImageFileNames>
			<AutoFill TabType="" ViewType="" GroupType="" WithOverlay="true" ApplyFilter="false"/>
			<Ruler Top="true" Bottom="false" Left="false" Right="true"/>
			<CapturedImageInfo NeedToDrawInfo="true" Thickness="1" Interval="1" TotalSliceNumber="0" DirectionTitle="">
				<Spacing SpacingX="0" SpacingY="0"/>
				<SliceNumbers/>
				<AcqInfo Date="" DAP="0" kVp="0" Ma="0" CheckDate="false" CheckDAP="false" CheckkVp="false" CheckmA="false"/>
			</CapturedImageInfo>
		</ImageBox>
		<ImageBox BoxID="242" ImageFitMode="BoxFit" Invert="false" ImageMacro="" BoxType="Single" Source="Capture">
			<Position X="33.581%" Y="24.684%"/>
			<Size Width="55.276%" Height="53.085%"/>
			<Background Color="#ffffff" Opacity="0" Transparent="false"/>
			<BorderLine Color="#666666" Opacity="1" Width="1" Type="SolidLine"/>
			<Layout Row="1" Column="1"/>
			<Translation TransX="0" TransY="0"/>
			<Scale ScaleX="1.306" ScaleY="1.306"/>
			<ImageFileNames>
				<ImageFile>CI20260211_132212_2228_46129799.JPG</ImageFile>
			</ImageFileNames>
			<AutoFill TabType="" ViewType="" GroupType="" WithOverlay="true" ApplyFilter="false"/>
			<Ruler Top="true" Bottom="false" Left="false" Right="true"/>
			<CapturedImageInfo NeedToDrawInfo="true" Thickness="1" Interval="1" TotalSliceNumber="0" DirectionTitle="">
				<Spacing SpacingX="0" SpacingY="0"/>
				<SliceNumbers/>
				<AcqInfo Date="" DAP="0" kVp="0" Ma="0" CheckDate="false" CheckDAP="false" CheckkVp="false" CheckmA="false"/>
			</CapturedImageInfo>
		</ImageBox>
		<!---->
		<!-- Tooth Code Item -->
		<!---->
		<!-- Annotations Item -->
		<Annotations/>
		<!---->
		<!-- Groups Item -->
		<Groups/>
	</Page>
</Report>
