<?xml version="1.0" encoding="UTF-8"?>
<Report TemplateName="RPT_Frame2x1L" Version="5.2.0" ARCHIVETYPE="Template">
	<Paper PaperSize="14x17inch" Orientation="Landscape">
		<Margin Top="10" Bottom="10" Left="10" Right="10"/>
	</Paper>
	<Page Number="1" TemplateName="Frame2x1L">
		<!---->
		<!-- Report Information -->
		<!---->
		<!-- Text Box Item -->
		<TextBox BoxID="468" TextMacro="" Editable="true">
			<Position X="14.318%" Y="42.126%"/>
			<Size Width="66.706%" Height="28.764%"/>
			<Background Color="#ffffff" Opacity="0" Transparent="false"/>
			<BorderLine Color="#000000" Opacity="1" Width="1" Type="SolidLine"/>
			<Text><![CDATA[<!DOCTYPE HTML PUBLIC "-//W3C//DTD HTML 4.0//EN" "http://www.w3.org/TR/REC-html40/strict.dtd">
<html><head><meta name="qrichtext" content="1" /><style type="text/css">
p, li { white-space: pre-wrap; }
</style></head><body style=" font-family:'Segoe UI'; font-size:10pt; font-weight:400; font-style:normal;">
<p style=" margin-top:0px; margin-bottom:0px; margin-left:0px; margin-right:0px; -qt-block-indent:0; text-indent:0px;"><span style=" font-size:48pt;">EVN</span></p></body></html>]]></Text>
		</TextBox>
		<TextBox BoxID="466" TextMacro="" Editable="true">
			<Position X="14.286%" Y="10.581%"/>
			<Size Width="66.706%" Height="28.020%"/>
			<Background Color="#ffffff" Opacity="0" Transparent="false"/>
			<BorderLine Color="#000000" Opacity="1" Width="1" Type="SolidLine"/>
			<Text><![CDATA[<!DOCTYPE HTML PUBLIC "-//W3C//DTD HTML 4.0//EN" "http://www.w3.org/TR/REC-html40/strict.dtd">
<html><head><meta name="qrichtext" content="1" /><style type="text/css">
p, li { white-space: pre-wrap; }
</style></head><body style=" font-family:'Segoe UI'; font-size:10pt; font-weight:400; font-style:normal;">
<p style=" margin-top:0px; margin-bottom:0px; margin-left:0px; margin-right:0px; -qt-block-indent:0; text-indent:0px;"><span style=" font-size:72pt;">EVN</span></p></body></html>]]></Text>
		</TextBox>
		<TextBox BoxID="469" TextMacro="HeaderPatientInfo" Editable="false">
			<Position X="7.353%" Y="0%"/>
			<Size Width="80.662%" Height="3.125%"/>
			<Background Color="#ffffff" Opacity="0" Transparent="false"/>
			<BorderLine Color="#ffffff" Opacity="1" Width="1" Type="SolidLine"/>
			<Text><![CDATA[<!DOCTYPE HTML PUBLIC "-//W3C//DTD HTML 4.0//EN" "http://www.w3.org/TR/REC-html40/strict.dtd">
<html><head><meta name="qrichtext" content="1" /><style type="text/css">
p, li { white-space: pre-wrap; }
</style></head><body style=" font-family:'Segoe UI'; font-size:10pt; font-weight:400; font-style:normal;">
<p style=" margin-top:0px; margin-bottom:0px; margin-left:0px; margin-right:0px; -qt-block-indent:0; text-indent:0px;">Chart No. 1</p>
<p style=" margin-top:0px; margin-bottom:0px; margin-left:0px; margin-right:0px; -qt-block-indent:0; text-indent:0px;">last first 	Gender: Male 	Age: 9Y</p></body></html>]]></Text>
		</TextBox>
		<TextBox BoxID="470" TextMacro="HeaderPhoneNumber" Editable="false">
			<Position X="7.353%" Y="3.125%"/>
			<Size Width="26.887%" Height="1.860%"/>
			<Background Color="#ffffff" Opacity="0" Transparent="false"/>
			<BorderLine Color="#ffffff" Opacity="1" Width="1" Type="SolidLine"/>
			<Text><![CDATA[<!DOCTYPE HTML PUBLIC "-//W3C//DTD HTML 4.0//EN" "http://www.w3.org/TR/REC-html40/strict.dtd">
<html><head><meta name="qrichtext" content="1" /><style type="text/css">
p, li { white-space: pre-wrap; }
</style></head><body style=" font-family:'Segoe UI'; font-size:10pt; font-weight:400; font-style:normal;">
<p style=" margin-top:0px; margin-bottom:0px; margin-left:0px; margin-right:0px; -qt-block-indent:0; text-indent:0px;">Phone: 123</p></body></html>]]></Text>
		</TextBox>
		<TextBox BoxID="471" TextMacro="HeaderFaxNumber" Editable="false">
			<Position X="34.240%" Y="3.125%"/>
			<Size Width="26.887%" Height="1.860%"/>
			<Background Color="#ffffff" Opacity="0" Transparent="false"/>
			<BorderLine Color="#ffffff" Opacity="1" Width="1" Type="SolidLine"/>
			<Text><![CDATA[<!DOCTYPE HTML PUBLIC "-//W3C//DTD HTML 4.0//EN" "http://www.w3.org/TR/REC-html40/strict.dtd">
<html><head><meta name="qrichtext" content="1" /><style type="text/css">
p, li { white-space: pre-wrap; }
</style></head><body style=" font-family:'Segoe UI'; font-size:10pt; font-weight:400; font-style:normal;">
<p style=" margin-top:0px; margin-bottom:0px; margin-left:0px; margin-right:0px; -qt-block-indent:0; text-indent:0px;">Fax: 123</p></body></html>]]></Text>
		</TextBox>
		<TextBox BoxID="472" TextMacro="HeaderAddress" Editable="false">
			<Position X="7.353%" Y="4.985%"/>
			<Size Width="53.775%" Height="1.860%"/>
			<Background Color="#ffffff" Opacity="0" Transparent="false"/>
			<BorderLine Color="#ffffff" Opacity="1" Width="1" Type="SolidLine"/>
			<Text><![CDATA[<!DOCTYPE HTML PUBLIC "-//W3C//DTD HTML 4.0//EN" "http://www.w3.org/TR/REC-html40/strict.dtd">
<html><head><meta name="qrichtext" content="1" /><style type="text/css">
p, li { white-space: pre-wrap; }
</style></head><body style=" font-family:'Segoe UI'; font-size:10pt; font-weight:400; font-style:normal;">
<p style=" margin-top:0px; margin-bottom:0px; margin-left:0px; margin-right:0px; -qt-block-indent:0; text-indent:0px;">Address: 123</p></body></html>]]></Text>
		</TextBox>
		<TextBox BoxID="473" TextMacro="FooterPhoneNumber" Editable="false">
			<Position X="7.353%" Y="92.292%"/>
			<Size Width="26.887%" Height="1.860%"/>
			<Background Color="#ffffff" Opacity="0" Transparent="false"/>
			<BorderLine Color="#ffffff" Opacity="1" Width="1" Type="SolidLine"/>
			<Text><![CDATA[<!DOCTYPE HTML PUBLIC "-//W3C//DTD HTML 4.0//EN" "http://www.w3.org/TR/REC-html40/strict.dtd">
<html><head><meta name="qrichtext" content="1" /><style type="text/css">
p, li { white-space: pre-wrap; }
</style></head><body style=" font-family:'Segoe UI'; font-size:10pt; font-weight:400; font-style:normal;">
<p style=" margin-top:0px; margin-bottom:0px; margin-left:0px; margin-right:0px; -qt-block-indent:0; text-indent:0px;">Phone: 123</p></body></html>]]></Text>
		</TextBox>
		<TextBox BoxID="474" TextMacro="FooterFaxNumber" Editable="false">
			<Position X="34.240%" Y="92.292%"/>
			<Size Width="26.887%" Height="1.860%"/>
			<Background Color="#ffffff" Opacity="0" Transparent="false"/>
			<BorderLine Color="#ffffff" Opacity="1" Width="1" Type="SolidLine"/>
			<Text><![CDATA[<!DOCTYPE HTML PUBLIC "-//W3C//DTD HTML 4.0//EN" "http://www.w3.org/TR/REC-html40/strict.dtd">
<html><head><meta name="qrichtext" content="1" /><style type="text/css">
p, li { white-space: pre-wrap; }
</style></head><body style=" font-family:'Segoe UI'; font-size:10pt; font-weight:400; font-style:normal;">
<p style=" margin-top:0px; margin-bottom:0px; margin-left:0px; margin-right:0px; -qt-block-indent:0; text-indent:0px;">Fax: 123</p></body></html>]]></Text>
		</TextBox>
		<TextBox BoxID="475" TextMacro="FooterPatientInfo" Editable="false">
			<Position X="7.353%" Y="89.167%"/>
			<Size Width="80.662%" Height="3.125%"/>
			<Background Color="#ffffff" Opacity="0" Transparent="false"/>
			<BorderLine Color="#ffffff" Opacity="1" Width="1" Type="SolidLine"/>
			<Text><![CDATA[<!DOCTYPE HTML PUBLIC "-//W3C//DTD HTML 4.0//EN" "http://www.w3.org/TR/REC-html40/strict.dtd">
<html><head><meta name="qrichtext" content="1" /><style type="text/css">
p, li { white-space: pre-wrap; }
</style></head><body style=" font-family:'Segoe UI'; font-size:10pt; font-weight:400; font-style:normal;">
<p style=" margin-top:0px; margin-bottom:0px; margin-left:0px; margin-right:0px; -qt-block-indent:0; text-indent:0px;">Chart No. 1</p>
<p style=" margin-top:0px; margin-bottom:0px; margin-left:0px; margin-right:0px; -qt-block-indent:0; text-indent:0px;">last first 	Gender: Male 	Age: 9Y</p></body></html>]]></Text>
		</TextBox>
		<!---->
		<!-- Image Box Item -->
		<ImageBox BoxID="477" ImageFitMode="BoxFit" Invert="false" ImageMacro="" BoxType="Single" Source="Capture">
			<Position X="55.155%" Y="18.159%"/>
			<Size Width="38.024%" Height="50.225%"/>
			<Background Color="#ffffff" Opacity="0" Transparent="false"/>
			<BorderLine Color="#666666" Opacity="1" Width="1" Type="SolidLine"/>
			<Layout Row="1" Column="1"/>
			<Translation TransX="0" TransY="0"/>
			<Scale ScaleX="0.970" ScaleY="0.970"/>
			<ImageFileNames>
				<ImageFile>IC20170801_060602_0247_00000477.jpg</ImageFile>
			</ImageFileNames>
			<AutoFill TabType="" ViewType="" GroupType="" WithOverlay="true" ApplyFilter="false"/>
			<Ruler Top="true" Bottom="false" Left="false" Right="true"/>
			<CapturedImageInfo NeedToDrawInfo="true" Thickness="1" Interval="1" TotalSliceNumber="0" DirectionTitle="">
				<Spacing SpacingX="0" SpacingY="0"/>
				<SliceNumbers/>
				<AcqInfo Date="" DAP="0" kVp="0" Ma="0" CheckDate="false" CheckDAP="false" CheckkVp="false" CheckmA="false"/>
			</CapturedImageInfo>
		</ImageBox>
		<!---->
		<!-- Tooth Code Item -->
		<!---->
		<!-- Annotations Item -->
		<Annotations/>
		<!---->
		<!-- Groups Item -->
		<Groups/>
	</Page>
</Report>
