<?xml version="1.0" encoding="UTF-8"?>
<Report TemplateName="RPT_Frame2x1L" Version="5.2.0" ARCHIVETYPE="Template">
	<Paper PaperSize="A4" Orientation="Portrait">
		<Margin Top="10" Bottom="10" Left="10" Right="10"/>
	</Paper>
	<Page Number="1" TemplateName="Frame2x1L">
		<!---->
		<!-- Report Information -->
		<!---->
		<!-- Text Box Item -->
		<TextBox BoxID="57" TextMacro="" Editable="true">
			<Position X="5%" Y="49%"/>
			<Size Width="81%" Height="35%"/>
			<Background Color="#ffffff" Opacity="0" Transparent="false"/>
			<BorderLine Color="#000000" Opacity="1" Width="1" Type="SolidLine"/>
			<Text><![CDATA[<!DOCTYPE HTML PUBLIC "-//W3C//DTD HTML 4.0//EN" "http://www.w3.org/TR/REC-html40/strict.dtd">
<html><head><meta name="qrichtext" content="1" /><style type="text/css">
p, li { white-space: pre-wrap; }
</style></head><body style=" font-family:'Segoe UI'; font-size:10pt; font-weight:400; font-style:normal;">
<p style=" margin-top:0px; margin-bottom:0px; margin-left:0px; margin-right:0px; -qt-block-indent:0; text-indent:0px;">EVN</p></body></html>]]></Text>
		</TextBox>
		<!---->
		<!-- Image Box Item -->
		<ImageBox BoxID="56" ImageFitMode="BoxFit" Invert="false" ImageMacro="" BoxType="Single" Source="Capture">
			<Position X="5%" Y="10%"/>
			<Size Width="81%" Height="38%"/>
			<Background Color="#ffffff" Opacity="0" Transparent="false"/>
			<BorderLine Color="#000000" Opacity="1" Width="1" Type="SolidLine"/>
			<Layout Row="1" Column="1"/>
			<Translation TransX="0" TransY="0"/>
			<Scale ScaleX="0.440" ScaleY="0.440"/>
			<ImageFileNames>
				<ImageFile>CI20260211_112003_0849_18341283.JPG</ImageFile>
			</ImageFileNames>
			<AutoFill TabType="" ViewType="" GroupType="" WithOverlay="true" ApplyFilter="false"/>
			<Ruler Top="true" Bottom="false" Left="false" Right="true"/>
			<CapturedImageInfo NeedToDrawInfo="true" Thickness="1" Interval="1" TotalSliceNumber="0" DirectionTitle="">
				<Spacing SpacingX="0" SpacingY="0"/>
				<SliceNumbers/>
				<AcqInfo Date="" DAP="0" kVp="0" Ma="0" CheckDate="false" CheckDAP="false" CheckkVp="false" CheckmA="false"/>
			</CapturedImageInfo>
		</ImageBox>
		<!---->
		<!-- Tooth Code Item -->
		<!---->
		<!-- Annotations Item -->
		<Annotations>
			<Annotation AnnotationID="58" AnnotationType="FreeDraw" LineWidth="1" LineType="SolidLine" LineColor="#ffdf40">
				<Points>92.333,192.925|89.285,192.925|84.930,192.925|79.270,192.925|74.044,192.925|67.512,192.925|61.851,193.796|54.013,195.538|49.223,197.279|45.304,198.586|42.255,199.892|39.207,201.634|38.336,202.940|38.336,203.811|42.691,203.811|52.706,203.811|70.125,203.811|90.156,203.811|110.187,203.811|133.702,203.811|153.733,203.811|170.281,203.811|183.345,203.811|189.441,203.811|192.925,202.940|194.231,202.070|194.667,201.634|194.667,201.199|192.925,199.457|188.135,197.715|180.296,194.231|168.104,190.748|152.862,185.087|135.009,179.426|117.590,175.506|98.430,169.845|79.705,165.055|63.157,159.394|48.787,155.475|43.126,154.169|38.772,152.862|35.288,151.121|34.417,150.685|34.852,150.250|39.643,149.814|47.916,148.943|57.932,147.637|68.383,145.460|74.915,144.589|79.705,144.589|81.447,144.589|82.318,144.589|82.753,144.589|82.753,145.460|82.753,148.508|82.753,153.298|82.753,158.959|78.399,166.362|75.350,172.023|70.560,178.119|66.206,184.216|61.851,188.570|59.238,192.489|55.755,196.409|54.884,197.715|54.013,199.021|54.013,200.328|54.013,200.763|56.190,200.763|59.674,200.763|64.464,200.763|70.560,198.586|78.399,194.667|87.543,189.877|94.946,183.780|101.478,178.555|105.397,174.635|107.574,171.587|108.445,170.281|109.316,169.410|106.704,172.894|103.655,177.248|101.478,182.474|96.688,189.877|95.382,195.538|93.204,201.199|91.898,205.989|91.462,209.472|91.027,212.521|91.027,213.827|91.027,215.133|91.027,215.569|91.462,216.440|92.769,216.440|94.511,216.440|97.559,216.440|101.913,216.004|105.397,214.262|109.752,210.343|113.671,205.118|116.719,199.021|118.896,191.618|119.332,185.087|119.767,178.119|119.767,172.894|119.767,168.104|118.026,164.620|115.848,162.443|113.235,162.007|109.752,161.572|104.962,161.572|99.736,161.572|94.511,162.878|88.414,166.362|81.447,169.410|76.221,174.200|71.867,179.426|68.383,187.264|65.770,193.796|64.464,199.457|64.464,203.376|64.464,206.860|64.899,211.214|66.641,213.827|69.254,217.311|73.173,219.488|77.528,220.794|82.753,222.972|88.414,222.972|94.075,222.972|100.607,222.972|107.574,222.536|115.848,220.794|122.816,216.004|127.170,212.956|131.960,207.730|134.573,203.811|136.750,199.457|137.186,196.844|137.621,192.925|137.621,190.748|135.444,189.006|132.396,188.135|127.170,187.699|120.638,187.699|111.929,187.699|98.430,189.441|90.591,192.925|82.753,197.279|76.221,202.505|72.738,206.860|70.996,211.214|70.125,214.262|70.125,217.746|70.125,219.488|70.125,220.794|71.431,221.665|74.479,222.972|78.834,223.843|85.801,223.843|95.382,223.843|109.752,223.843|123.687,223.843|131.960,223.843|139.363,223.843|144.153,222.536|146.766,221.230|148.508,219.923|150.250,217.311|151.121,214.262|151.121,210.343|151.121,205.553|147.637,200.763|143.282,196.409|138.492,193.360|131.525,191.183|125.864,190.748|119.332,190.748|113.235,190.748|107.574,190.748|101.913,192.054|97.123,193.796|94.075,195.538|91.462,197.715|90.156,200.328|90.156,204.247|90.156,207.730|90.156,210.779|91.462,213.391|94.075,216.004|96.688,217.746|100.607,219.923|104.091,221.230|108.445,222.536|113.235,222.972|117.590,222.972|122.380,222.972|126.299,222.972|129.348,222.972|133.702,221.230|136.750,218.617|139.363,213.827|141.540,206.424|141.540,199.021|141.540,188.570|138.492,178.555|134.138,172.458|127.606,165.926|118.026,160.701|113.235,158.088|104.962,155.911|100.172,155.911|93.204,155.911|87.979,155.911|81.011,158.523|74.044,162.878|66.206,168.974|60.980,175.506|58.367,182.909|56.190,190.312|54.884,195.973|54.884,199.892|54.884,203.376|56.190,206.860|57.932,208.601|61.851,211.214|66.206,212.521|70.996,213.391|77.963,213.827|83.624,213.827|90.156,213.827|96.688,212.956|101.478,210.779|105.397,208.601|108.010,204.682|109.752,199.892|109.752,193.796|109.752,186.828|109.316,178.119|106.268,171.587|101.913,164.620|98.430,160.701|92.769,158.088|87.543,158.088|81.447,158.088|74.479,158.088|65.770,158.088|54.884,162.443|47.481,168.104|39.643,174.635|33.546,182.038|31.804,187.264|30.062,193.360|29.627,199.021|29.627,203.811|31.369,208.601|34.417,213.391|39.643,216.875|46.610,220.794|55.755,225.149|65.770,226.455|77.092,228.633|88.414,229.068|102.349,229.068|111.494,228.197|124.557,223.843|132.396,220.359|141.540,214.262|148.508,207.730|151.991,200.763|155.040,191.183|155.475,183.780|155.475,176.377|155.475,170.281|153.298,163.313|149.379,156.346|145.024,151.991|138.492,148.943|133.267,147.201|127.606,147.201|121.074,147.201|115.848,148.943|109.316,152.427|100.607,158.959|91.898,167.233|85.801,175.942|81.447,185.957|78.834,196.409|77.963,205.118|77.963,211.214|77.963,217.746|81.011,222.101|84.060,226.020|87.979,228.633|92.769,230.810|99.301,231.245|105.833,232.116|114.106,232.116|126.299,232.116|136.315,231.245|147.201,227.326|156.346,222.536|162.443,218.182|165.491,212.521|168.104,202.940|168.539,192.054|168.539,182.474|167.233,173.329|162.007,165.491|155.475,158.523|148.943,155.911|141.540,153.733|136.315,153.298|130.654,153.298|124.557,153.298|119.332,153.298|114.106,153.298</Points>
			</Annotation>
			<Annotation AnnotationID="59" AnnotationType="Ellipse" LineWidth="1" LineType="SolidLine" LineColor="#ffdf40">
				<Points>23.966,176.813|133.267,255.631</Points>
			</Annotation>
		</Annotations>
		<!---->
		<!-- Groups Item -->
		<Groups/>
	</Page>
</Report>
